client/src/pages/AuditLog.tsx(114,86): error TS2769: No overload matches this call.
  Overload 1 of 4, '(value: string | number | Date): Date', gave the following error.
    Argument of type 'Date | null' is not assignable to parameter of type 'string | number | Date'.
      Type 'null' is not assignable to type 'string | number | Date'.
  Overload 2 of 4, '(value: string | number): Date', gave the following error.
    Argument of type 'Date | null' is not assignable to parameter of type 'string | number'.
      Type 'null' is not assignable to type 'string | number'.
client/src/pages/Dashboard.tsx(232,18): error TS2304: Cannot find name 'CardFooter'.
client/src/pages/Dashboard.tsx(247,19): error TS2304: Cannot find name 'CardFooter'.
client/src/pages/History.tsx(30,5): error TS18047: 'log.resourceType' is possibly 'null'.
client/src/pages/History.tsx(105,84): error TS2339: Property 'createdAt' does not exist on type '{ id: number; clientId: number | null; userId: string; timestamp: Date | null; action: string; resourceType: string | null; resourceId: string | null; details: string | null; }'.
server/routes.ts(791,35): error TS2551: Property 'getWorkspaceMembers' does not exist on type 'DatabaseStorage'. Did you mean 'getWorkspaces'?
server/routes.ts(798,34): error TS2339: Property 'inviteUser' does not exist on type 'DatabaseStorage'.
server/routes/comments.routes.ts(12,13): error TS2339: Property 'contractId' does not exist on type '{ contractId?: string | undefined; auditId?: string | undefined; } | undefined'.
server/routes/comments.routes.ts(12,25): error TS2339: Property 'auditId' does not exist on type '{ contractId?: string | undefined; auditId?: string | undefined; } | undefined'.
server/storage.ts(501,9): error TS2416: Property 'getAuditLogs' in type 'DatabaseStorage' is not assignable to the same property in base type 'IStorage'.
  Type '(clientId?: number | undefined, userId?: string | undefined) => Promise<{ id: number; clientId: number | null; userId: string; timestamp: Date | null; action: string; resourceType: string | null; resourceId: string | null; details: string | null; }[]>' is not assignable to type '(userId?: string | undefined) => Promise<{ id: number; clientId: number | null; userId: string; timestamp: Date | null; action: string; resourceType: string | null; resourceId: string | null; details: string | null; }[]>'.
    Types of parameters 'clientId' and 'userId' are incompatible.
      Type 'string | undefined' is not assignable to type 'number | undefined'.
        Type 'string' is not assignable to type 'number'.
